#
# There is insufficient memory for the Java Runtime Environment to continue.
# Native memory allocation (mmap) failed to map 29360128 bytes. Error detail: G1 virtual space
# Possible reasons:
#   The system is out of physical RAM or swap space
#   This process is running with CompressedOops enabled, and the Java Heap may be blocking the growth of the native heap
# Possible solutions:
#   Reduce memory load on the system
#   Increase physical memory or swap space
#   Check if swap backing store is full
#   Decrease Java heap size (-Xmx/-Xms)
#   Decrease number of Java threads
#   Decrease Java thread stack sizes (-Xss)
#   Set larger code cache with -XX:ReservedCodeCacheSize=
#   JVM is running with Unscaled Compressed Oops mode in which the Java heap is
#     placed in the first 4GB address space. The Java Heap base address is the
#     maximum limit for the native heap growth. Please use -XX:HeapBaseMinAddress
#     to set the Java Heap base and to place the Java Heap above 4GB virtual address.
# This output file may be truncated or incomplete.
#
#  Out of Memory Error (os_windows.cpp:3630), pid=17704, tid=8568
#
# JRE version: OpenJDK Runtime Environment Temurin-17.0.20.1+1 (17.0.20.1+1) (build 17.0.20.1+1)
# Java VM: OpenJDK 64-Bit Server VM Temurin-17.0.20.1+1 (17.0.20.1+1, mixed mode, sharing, tiered, compressed oops, compressed class ptrs, g1 gc, windows-amd64)
# No core dump will be written. Minidumps are not enabled by default on client versions of Windows
#

---------------  S U M M A R Y ------------

Command Line: --add-opens=java.base/java.util=ALL-UNNAMED --add-opens=java.base/java.lang=ALL-UNNAMED --add-opens=java.base/java.lang.invoke=ALL-UNNAMED --add-opens=java.prefs/java.util.prefs=ALL-UNNAMED --add-opens=java.base/java.nio.charset=ALL-UNNAMED --add-opens=java.base/java.net=ALL-UNNAMED --add-opens=java.base/java.util.concurrent.atomic=ALL-UNNAMED -Xmx2048m -Dfile.encoding=UTF-8 -Duser.country=CN -Duser.language=zh -Duser.variant -javaagent:C:\Users\dumix\.gradle\wrapper\dists\gradle-8.7-bin\bhs2wmbdwecv87pi65oeuq5iu\gradle-8.7\lib\agents\gradle-instrumentation-agent-8.7.jar org.gradle.launcher.daemon.bootstrap.GradleDaemon 8.7

Host: Intel(R) Core(TM) Ultra 5 125H, 18 cores, 15G,  Windows 11 , 64 bit Build 26100 (10.0.26100.9549)
Time: Mon Oct  5 22:23:21 2026  Windows 11 , 64 bit Build 26100 (10.0.26100.9549) elapsed time: 16.146690 seconds (0d 0h 0m 16s)

---------------  T H R E A D  ---------------

Current thread (0x00000223a724f010):  VMThread "VM Thread" [stack: 0x000000c4b4900000,0x000000c4b4a00000] [id=8568]

Stack: [0x000000c4b4900000,0x000000c4b4a00000]
Native frames: (J=compiled Java code, j=interpreted, Vv=VM code, C=native code)
V  [jvm.dll+0x684d39]
V  [jvm.dll+0x83a565]
V  [jvm.dll+0x83bfde]
V  [jvm.dll+0x83c663]
V  [jvm.dll+0x2490cf]
V  [jvm.dll+0x681af9]
V  [jvm.dll+0x6768ba]
V  [jvm.dll+0x309467]
V  [jvm.dll+0x310a56]
V  [jvm.dll+0x360f3e]
V  [jvm.dll+0x36117d]
V  [jvm.dll+0x2e04ec]
V  [jvm.dll+0x2de8c2]
V  [jvm.dll+0x2de05c]
V  [jvm.dll+0x321081]
V  [jvm.dll+0x840e7d]
V  [jvm.dll+0x841bb3]
V  [jvm.dll+0x8420df]
V  [jvm.dll+0x8424c5]
V  [jvm.dll+0x84258e]
V  [jvm.dll+0x7eb17c]
V  [jvm.dll+0x683c07]
C  [ucrtbase.dll+0x2cd30]
C  [KERNEL32.DLL+0x2cdf7]
C  [ntdll.dll+0x7ee4c]

VM_Operation (0x000000c4b63f27f0): G1TryInitiateConcMark, mode: safepoint, requested by thread 0x00000223ef1e5e00


---------------  P R O C E S S  ---------------

Threads class SMR info:
_java_thread_list=0x00000223f1d426b0, length=71, elements={
0x0000022386fa3e90, 0x00000223a7254ba0, 0x00000223a7255670, 0x00000223a726ab30,
0x00000223a726d410, 0x00000223a726dce0, 0x00000223a726ed50, 0x00000223a726f950,
0x00000223a7272ac0, 0x00000223a7277480, 0x00000223a72406f0, 0x00000223e9165130,
0x00000223e9258540, 0x00000223ee10bf90, 0x00000223e9257800, 0x00000223eea05260,
0x00000223ee41d8d0, 0x00000223ee759e60, 0x00000223ef2a6880, 0x00000223ef2a6d60,
0x00000223ef1e58f0, 0x00000223ef1e5e00, 0x00000223ef1e6310, 0x00000223ef1e7240,
0x00000223ef1e6820, 0x00000223ef1e8170, 0x00000223ef1e7c60, 0x00000223ef1e6d30,
0x00000223ef1e8680, 0x00000223ef236ee0, 0x00000223ef235fb0, 0x00000223ef234660,
0x00000223ef2369d0, 0x00000223ef235aa0, 0x00000223ef235080, 0x00000223ef235590,
0x00000223ef2364c0, 0x00000223ef2373f0, 0x00000223ef237900, 0x00000223ef234150,
0x00000223ef239c70, 0x00000223ef23a690, 0x00000223ef23a180, 0x00000223ef23aba0,
0x00000223ef238830, 0x00000223ef238320, 0x00000223ef23b0b0, 0x00000223ef238d40,
0x00000223ef239250, 0x00000223ef23b5c0, 0x00000223ef239760, 0x00000223ef237e10,
0x00000223ef23bad0, 0x00000223ef4e99a0, 0x00000223ef4ecc40, 0x00000223ef4ec730,
0x00000223ef4ea8d0, 0x00000223ef4ebd10, 0x00000223ef4ec220, 0x00000223ef4e9490,
0x00000223ef4e9eb0, 0x00000223ef4eade0, 0x00000223ef4eb2f0, 0x00000223ef4ea3c0,
0x00000223ef4eb800, 0x00000223ef4e1d10, 0x00000223ef4e2c40, 0x00000223ef4e1800,
0x00000223ef4e2220, 0x00000223ef4e2730, 0x00000223ef4dfeb0
}

Java Threads: ( => current thread )
  0x0000022386fa3e90 JavaThread "main" [_thread_blocked, id=29244, stack(0x000000c4b4300000,0x000000c4b4400000)]
  0x00000223a7254ba0 JavaThread "Reference Handler" daemon [_thread_blocked, id=28860, stack(0x000000c4b4a00000,0x000000c4b4b00000)]
  0x00000223a7255670 JavaThread "Finalizer" daemon [_thread_blocked, id=24192, stack(0x000000c4b4b00000,0x000000c4b4c00000)]
  0x00000223a726ab30 JavaThread "Signal Dispatcher" daemon [_thread_blocked, id=20060, stack(0x000000c4b4c00000,0x000000c4b4d00000)]
  0x00000223a726d410 JavaThread "Attach Listener" daemon [_thread_blocked, id=3400, stack(0x000000c4b4d00000,0x000000c4b4e00000)]
  0x00000223a726dce0 JavaThread "Service Thread" daemon [_thread_blocked, id=35832, stack(0x000000c4b4e00000,0x000000c4b4f00000)]
  0x00000223a726ed50 JavaThread "Monitor Deflation Thread" daemon [_thread_blocked, id=39544, stack(0x000000c4b4f00000,0x000000c4b5000000)]
  0x00000223a726f950 JavaThread "C2 CompilerThread0" daemon [_thread_blocked, id=3308, stack(0x000000c4b5000000,0x000000c4b5100000)]
  0x00000223a7272ac0 JavaThread "C1 CompilerThread0" daemon [_thread_blocked, id=28372, stack(0x000000c4b5100000,0x000000c4b5200000)]
  0x00000223a7277480 JavaThread "Sweeper thread" daemon [_thread_blocked, id=30956, stack(0x000000c4b5200000,0x000000c4b5300000)]
  0x00000223a72406f0 JavaThread "Common-Cleaner" daemon [_thread_blocked, id=14816, stack(0x000000c4b5300000,0x000000c4b5400000)]
  0x00000223e9165130 JavaThread "C1 CompilerThread1" daemon [_thread_blocked, id=41684, stack(0x000000c4b5400000,0x000000c4b5500000)]
  0x00000223e9258540 JavaThread "Notification Thread" daemon [_thread_blocked, id=34748, stack(0x000000c4b5500000,0x000000c4b5600000)]
  0x00000223ee10bf90 JavaThread "C1 CompilerThread2" daemon [_thread_blocked, id=19764, stack(0x000000c4b5d00000,0x000000c4b5e00000)]
  0x00000223e9257800 JavaThread "C1 CompilerThread3" daemon [_thread_blocked, id=22964, stack(0x000000c4b5e00000,0x000000c4b5f00000)]
  0x00000223eea05260 JavaThread "Daemon health stats" [_thread_blocked, id=32092, stack(0x000000c4b5800000,0x000000c4b5900000)]
  0x00000223ee41d8d0 JavaThread "Incoming local TCP Connector on port 4448" [_thread_in_native, id=39724, stack(0x000000c4b5700000,0x000000c4b5800000)]
  0x00000223ee759e60 JavaThread "Daemon periodic checks" [_thread_blocked, id=13412, stack(0x000000c4b5f00000,0x000000c4b6000000)]
  0x00000223ef2a6880 JavaThread "Daemon" [_thread_blocked, id=15392, stack(0x000000c4b6000000,0x000000c4b6100000)]
  0x00000223ef2a6d60 JavaThread "Handler for socket connection from /127.0.0.1:4448 to /127.0.0.1:4449" [_thread_in_native, id=41172, stack(0x000000c4b6100000,0x000000c4b6200000)]
  0x00000223ef1e58f0 JavaThread "Cancel handler" [_thread_blocked, id=12736, stack(0x000000c4b6200000,0x000000c4b6300000)]
  0x00000223ef1e5e00 JavaThread "Daemon worker" [_thread_blocked, id=42748, stack(0x000000c4b6300000,0x000000c4b6400000)]
  0x00000223ef1e6310 JavaThread "Asynchronous log dispatcher for DefaultDaemonConnection: socket connection from /127.0.0.1:4448 to /127.0.0.1:4449" [_thread_blocked, id=19856, stack(0x000000c4b6400000,0x000000c4b6500000)]
  0x00000223ef1e7240 JavaThread "Stdin handler" [_thread_blocked, id=40144, stack(0x000000c4b6500000,0x000000c4b6600000)]
  0x00000223ef1e6820 JavaThread "Daemon client event forwarder" [_thread_blocked, id=17296, stack(0x000000c4b6600000,0x000000c4b6700000)]
  0x00000223ef1e8170 JavaThread "Cache worker for journal cache (C:\Users\dumix\.gradle\caches\journal-1)" [_thread_blocked, id=8712, stack(0x000000c4b6700000,0x000000c4b6800000)]
  0x00000223ef1e7c60 JavaThread "File lock request listener" [_thread_in_native, id=32532, stack(0x000000c4b6800000,0x000000c4b6900000)]
  0x00000223ef1e6d30 JavaThread "Cache worker for file hash cache (C:\Users\dumix\.gradle\caches\8.7\fileHashes)" [_thread_blocked, id=34228, stack(0x000000c4b6900000,0x000000c4b6a00000)]
  0x00000223ef1e8680 JavaThread "Cache worker for file hash cache (D:\dumix\projects\sustech-mobile\.gradle\8.7\fileHashes)" [_thread_blocked, id=34272, stack(0x000000c4b6a00000,0x000000c4b6b00000)]
  0x00000223ef236ee0 JavaThread "File watcher server" daemon [_thread_in_native, id=37112, stack(0x000000c4b6b00000,0x000000c4b6c00000)]
  0x00000223ef235fb0 JavaThread "File watcher consumer" daemon [_thread_blocked, id=22340, stack(0x000000c4b6c00000,0x000000c4b6d00000)]
  0x00000223ef234660 JavaThread "Cache worker for checksums cache (D:\dumix\projects\sustech-mobile\.gradle\8.7\checksums)" [_thread_blocked, id=28152, stack(0x000000c4b7900000,0x000000c4b7a00000)]
  0x00000223ef2369d0 JavaThread "Cache worker for cache directory md-supplier (C:\Users\dumix\.gradle\caches\8.7\md-supplier)" [_thread_blocked, id=17332, stack(0x000000c4b7a00000,0x000000c4b7b00000)]
  0x00000223ef235aa0 JavaThread "Cache worker for cache directory md-rule (C:\Users\dumix\.gradle\caches\8.7\md-rule)" [_thread_blocked, id=9144, stack(0x000000c4b7b00000,0x000000c4b7c00000)]
  0x00000223ef235080 JavaThread "Cache worker for file content cache (C:\Users\dumix\.gradle\caches\8.7\fileContent)" [_thread_blocked, id=800, stack(0x000000c4b7c00000,0x000000c4b7d00000)]
  0x00000223ef235590 JavaThread "Cache worker for Build Output Cleanup Cache (D:\dumix\projects\sustech-mobile\.gradle\buildOutputCleanup)" [_thread_blocked, id=12748, stack(0x000000c4b7d00000,0x000000c4b7e00000)]
  0x00000223ef2364c0 JavaThread "Unconstrained build operations" [_thread_blocked, id=9788, stack(0x000000c4b7e00000,0x000000c4b7f00000)]
  0x00000223ef2373f0 JavaThread "Unconstrained build operations Thread 2" [_thread_blocked, id=23608, stack(0x000000c4b7f00000,0x000000c4b8000000)]
  0x00000223ef237900 JavaThread "Unconstrained build operations Thread 3" [_thread_blocked, id=35048, stack(0x000000c4b8000000,0x000000c4b8100000)]
  0x00000223ef234150 JavaThread "Unconstrained build operations Thread 4" [_thread_blocked, id=37284, stack(0x000000c4b8100000,0x000000c4b8200000)]
  0x00000223ef239c70 JavaThread "Unconstrained build operations Thread 5" [_thread_blocked, id=19648, stack(0x000000c4b8200000,0x000000c4b8300000)]
  0x00000223ef23a690 JavaThread "Unconstrained build operations Thread 6" [_thread_blocked, id=30336, stack(0x000000c4b8300000,0x000000c4b8400000)]
  0x00000223ef23a180 JavaThread "Unconstrained build operations Thread 7" [_thread_blocked, id=15352, stack(0x000000c4b8400000,0x000000c4b8500000)]
  0x00000223ef23aba0 JavaThread "Unconstrained build operations Thread 8" [_thread_blocked, id=24888, stack(0x000000c4b8500000,0x000000c4b8600000)]
  0x00000223ef238830 JavaThread "Unconstrained build operations Thread 9" [_thread_blocked, id=17404, stack(0x000000c4b8600000,0x000000c4b8700000)]
  0x00000223ef238320 JavaThread "Unconstrained build operations Thread 10" [_thread_blocked, id=14784, stack(0x000000c4b8700000,0x000000c4b8800000)]
  0x00000223ef23b0b0 JavaThread "Unconstrained build operations Thread 11" [_thread_blocked, id=23456, stack(0x000000c4b8800000,0x000000c4b8900000)]
  0x00000223ef238d40 JavaThread "Unconstrained build operations Thread 12" [_thread_blocked, id=33908, stack(0x000000c4b8900000,0x000000c4b8a00000)]
  0x00000223ef239250 JavaThread "Unconstrained build operations Thread 13" [_thread_blocked, id=26076, stack(0x000000c4b8a00000,0x000000c4b8b00000)]
  0x00000223ef23b5c0 JavaThread "Unconstrained build operations Thread 14" [_thread_blocked, id=16388, stack(0x000000c4b8b00000,0x000000c4b8c00000)]
  0x00000223ef239760 JavaThread "Unconstrained build operations Thread 15" [_thread_blocked, id=5352, stack(0x000000c4b8c00000,0x000000c4b8d00000)]
  0x00000223ef237e10 JavaThread "Unconstrained build operations Thread 16" [_thread_blocked, id=27220, stack(0x000000c4b8d00000,0x000000c4b8e00000)]
  0x00000223ef23bad0 JavaThread "Unconstrained build operations Thread 17" [_thread_blocked, id=8932, stack(0x000000c4b8e00000,0x000000c4b8f00000)]
  0x00000223ef4e99a0 JavaThread "Unconstrained build operations Thread 18" [_thread_blocked, id=22164, stack(0x000000c4b8f00000,0x000000c4b9000000)]
  0x00000223ef4ecc40 JavaThread "Unconstrained build operations Thread 19" [_thread_blocked, id=7072, stack(0x000000c4b9000000,0x000000c4b9100000)]
  0x00000223ef4ec730 JavaThread "Unconstrained build operations Thread 20" [_thread_blocked, id=38140, stack(0x000000c4b9100000,0x000000c4b9200000)]
  0x00000223ef4ea8d0 JavaThread "Unconstrained build operations Thread 21" [_thread_blocked, id=24792, stack(0x000000c4b9200000,0x000000c4b9300000)]
  0x00000223ef4ebd10 JavaThread "Unconstrained build operations Thread 22" [_thread_blocked, id=18240, stack(0x000000c4b9300000,0x000000c4b9400000)]
  0x00000223ef4ec220 JavaThread "Unconstrained build operations Thread 23" [_thread_blocked, id=39748, stack(0x000000c4b9400000,0x000000c4b9500000)]
  0x00000223ef4e9490 JavaThread "Unconstrained build operations Thread 24" [_thread_blocked, id=18912, stack(0x000000c4b9500000,0x000000c4b9600000)]
  0x00000223ef4e9eb0 JavaThread "Unconstrained build operations Thread 25" [_thread_blocked, id=42544, stack(0x000000c4b9600000,0x000000c4b9700000)]
  0x00000223ef4eade0 JavaThread "Unconstrained build operations Thread 26" [_thread_blocked, id=14944, stack(0x000000c4b9700000,0x000000c4b9800000)]
  0x00000223ef4eb2f0 JavaThread "Unconstrained build operations Thread 27" [_thread_blocked, id=36096, stack(0x000000c4b9800000,0x000000c4b9900000)]
  0x00000223ef4ea3c0 JavaThread "Unconstrained build operations Thread 28" [_thread_blocked, id=10772, stack(0x000000c4b9900000,0x000000c4b9a00000)]
  0x00000223ef4eb800 JavaThread "Unconstrained build operations Thread 29" [_thread_blocked, id=36580, stack(0x000000c4b9a00000,0x000000c4b9b00000)]
  0x00000223ef4e1d10 JavaThread "Unconstrained build operations Thread 30" [_thread_blocked, id=34924, stack(0x000000c4b9b00000,0x000000c4b9c00000)]
  0x00000223ef4e2c40 JavaThread "Unconstrained build operations Thread 31" [_thread_blocked, id=7048, stack(0x000000c4b9c00000,0x000000c4b9d00000)]
  0x00000223ef4e1800 JavaThread "Unconstrained build operations Thread 32" [_thread_blocked, id=29264, stack(0x000000c4b9d00000,0x000000c4b9e00000)]
  0x00000223ef4e2220 JavaThread "Unconstrained build operations Thread 33" [_thread_blocked, id=14156, stack(0x000000c4b9e00000,0x000000c4b9f00000)]
  0x00000223ef4e2730 JavaThread "Unconstrained build operations Thread 34" [_thread_blocked, id=5640, stack(0x000000c4b9f00000,0x000000c4ba000000)]
  0x00000223ef4dfeb0 JavaThread "Memory manager" [_thread_blocked, id=25796, stack(0x000000c4ba000000,0x000000c4ba100000)]

Other Threads:
=>0x00000223a724f010 VMThread "VM Thread" [stack: 0x000000c4b4900000,0x000000c4b4a00000] [id=8568]
  0x0000022386fa4c20 WatcherThread [stack: 0x000000c4b5600000,0x000000c4b5700000] [id=38572]
  0x0000022387004c80 GCTaskThread "GC Thread#0" [stack: 0x000000c4b4400000,0x000000c4b4500000] [id=34932]
  0x00000223ee392b50 GCTaskThread "GC Thread#1" [stack: 0x000000c4b5900000,0x000000c4b5a00000] [id=36132]
  0x00000223ee75d100 GCTaskThread "GC Thread#2" [stack: 0x000000c4b5a00000,0x000000c4b5b00000] [id=35244]
  0x00000223ee75d3c0 GCTaskThread "GC Thread#3" [stack: 0x000000c4b5b00000,0x000000c4b5c00000] [id=19852]
  0x00000223ee365510 GCTaskThread "GC Thread#4" [stack: 0x000000c4b5c00000,0x000000c4b5d00000] [id=19472]
  0x00000223f0239e20 GCTaskThread "GC Thread#5" [stack: 0x000000c4b6d00000,0x000000c4b6e00000] [id=20456]
  0x00000223ee814930 GCTaskThread "GC Thread#6" [stack: 0x000000c4b6e00000,0x000000c4b6f00000] [id=40424]
  0x00000223f0718c00 GCTaskThread "GC Thread#7" [stack: 0x000000c4b6f00000,0x000000c4b7000000] [id=41592]
  0x00000223ef623330 GCTaskThread "GC Thread#8" [stack: 0x000000c4b7000000,0x000000c4b7100000] [id=16876]
  0x00000223ee347fb0 GCTaskThread "GC Thread#9" [stack: 0x000000c4b7100000,0x000000c4b7200000] [id=16516]
  0x00000223eee1e920 GCTaskThread "GC Thread#10" [stack: 0x000000c4b7200000,0x000000c4b7300000] [id=3304]
  0x00000223eee1ebe0 GCTaskThread "GC Thread#11" [stack: 0x000000c4b7300000,0x000000c4b7400000] [id=30884]
  0x00000223ee3b03a0 GCTaskThread "GC Thread#12" [stack: 0x000000c4b7400000,0x000000c4b7500000] [id=36396]
  0x00000223ee3b0920 GCTaskThread "GC Thread#13" [stack: 0x000000c4b7500000,0x000000c4b7600000] [id=7540]
  0x0000022387015ae0 ConcurrentGCThread "G1 Main Marker" [stack: 0x000000c4b4500000,0x000000c4b4600000] [id=38280]
  0x00000223870170e0 ConcurrentGCThread "G1 Conc#0" [stack: 0x000000c4b4600000,0x000000c4b4700000] [id=6664]
  0x00000223ee3b1f20 ConcurrentGCThread "G1 Conc#1" [stack: 0x000000c4b7600000,0x000000c4b7700000] [id=14480]
  0x00000223ee3b16e0 ConcurrentGCThread "G1 Conc#2" [stack: 0x000000c4b7700000,0x000000c4b7800000] [id=19520]
  0x00000223ee3b1160 ConcurrentGCThread "G1 Conc#3" [stack: 0x000000c4b7800000,0x000000c4b7900000] [id=40660]
  0x00000223a717dd70 ConcurrentGCThread "G1 Refine#0" [stack: 0x000000c4b4700000,0x000000c4b4800000] [id=19424]
  0x00000223a717f560 ConcurrentGCThread "G1 Service" [stack: 0x000000c4b4800000,0x000000c4b4900000] [id=17956]

Threads with active compile tasks:
C2 CompilerThread0  16172 7683 %     4       java.math.BigInteger::shiftLeftImplWorker @ 9 (43 bytes)

VM state: at safepoint (normal execution)

VM Mutex/Monitor currently owned by a thread:  ([mutex/lock_event])
[0x0000022386f9e1c0] Threads_lock - owner thread: 0x00000223a724f010
[0x0000022386f9db90] Heap_lock - owner thread: 0x00000223ef1e5e00

Heap address: 0x0000000080000000, size: 2048 MB, Compressed Oops mode: 32-bit

CDS archive(s) mapped at: [0x00000223a8000000-0x00000223a8bb0000-0x00000223a8bb0000), size 12255232, SharedBaseAddress: 0x00000223a8000000, ArchiveRelocationMode: 1.
Compressed class space mapped at: 0x00000223a9000000-0x00000223e9000000, reserved size: 1073741824
Narrow klass base: 0x00000223a8000000, Narrow klass shift: 0, Narrow klass range: 0x100000000

GC Precious Log:
 CPUs: 18 total, 18 available
 Memory: 15836M
 Large Page Support: Disabled
 NUMA Support: Disabled
 Compressed Oops: Enabled (32-bit)
 Heap Region Size: 1M
 Heap Min Capacity: 8M
 Heap Initial Capacity: 248M
 Heap Max Capacity: 2G
 Pre-touch: Disabled
 Parallel Workers: 14
 Concurrent Workers: 4
 Concurrent Refinement Workers: 14
 Periodic GC: Disabled

Heap:
 garbage-first heap   total 108544K, used 63359K [0x0000000080000000, 0x0000000100000000)
  region size 1024K, 3 young (3072K), 3 survivors (3072K)
 Metaspace       used 52789K, committed 53312K, reserved 1114112K
  class space    used 7336K, committed 7616K, reserved 1048576K

Heap Regions: E=young(eden), S=young(survivor), O=old, HS=humongous(starts), HC=humongous(continues), CS=collection set, F=free, OA=open archive, CA=closed archive, TAMS=top-at-mark-start (previous, next)
|   0|0x0000000080000000, 0x0000000080100000, 0x0000000080100000|100%|HS|  |TAMS 0x0000000080100000, 0x0000000080100000| Complete 
|   1|0x0000000080100000, 0x0000000080200000, 0x0000000080200000|100%|HC|  |TAMS 0x0000000080200000, 0x0000000080200000| Complete 
|   2|0x0000000080200000, 0x0000000080300000, 0x0000000080300000|100%|HC|  |TAMS 0x0000000080300000, 0x0000000080300000| Complete 
|   3|0x0000000080300000, 0x0000000080400000, 0x0000000080400000|100%|HC|  |TAMS 0x0000000080400000, 0x0000000080400000| Complete 
|   4|0x0000000080400000, 0x0000000080500000, 0x0000000080500000|100%| O|  |TAMS 0x0000000080500000, 0x0000000080500000| Untracked 
|   5|0x0000000080500000, 0x0000000080600000, 0x0000000080600000|100%| O|  |TAMS 0x0000000080600000, 0x0000000080600000| Untracked 
|   6|0x0000000080600000, 0x0000000080700000, 0x0000000080700000|100%| O|  |TAMS 0x0000000080700000, 0x0000000080700000| Untracked 
|   7|0x0000000080700000, 0x0000000080800000, 0x0000000080800000|100%| O|  |TAMS 0x0000000080800000, 0x0000000080800000| Untracked 
|   8|0x0000000080800000, 0x0000000080900000, 0x0000000080900000|100%| O|  |TAMS 0x0000000080900000, 0x0000000080900000| Untracked 
|   9|0x0000000080900000, 0x0000000080a00000, 0x0000000080a00000|100%| O|  |TAMS 0x0000000080a00000, 0x0000000080a00000| Untracked 
|  10|0x0000000080a00000, 0x0000000080b00000, 0x0000000080b00000|100%|HS|  |TAMS 0x0000000080b00000, 0x0000000080b00000| Complete 
|  11|0x0000000080b00000, 0x0000000080c00000, 0x0000000080c00000|100%| O|  |TAMS 0x0000000080c00000, 0x0000000080c00000| Untracked 
|  12|0x0000000080c00000, 0x0000000080d00000, 0x0000000080d00000|100%| O|  |TAMS 0x0000000080d00000, 0x0000000080d00000| Untracked 
|  13|0x0000000080d00000, 0x0000000080e00000, 0x0000000080e00000|100%| O|  |TAMS 0x0000000080e00000, 0x0000000080e00000| Untracked 
|  14|0x0000000080e00000, 0x0000000080f00000, 0x0000000080f00000|100%| O|  |TAMS 0x0000000080f00000, 0x0000000080f00000| Untracked 
|  15|0x0000000080f00000, 0x0000000081000000, 0x0000000081000000|100%| O|  |TAMS 0x0000000081000000, 0x0000000081000000| Untracked 
|  16|0x0000000081000000, 0x0000000081100000, 0x0000000081100000|100%| O|  |TAMS 0x0000000081100000, 0x0000000081100000| Untracked 
|  17|0x0000000081100000, 0x0000000081200000, 0x0000000081200000|100%| O|  |TAMS 0x0000000081200000, 0x0000000081200000| Untracked 
|  18|0x0000000081200000, 0x0000000081300000, 0x0000000081300000|100%| O|  |TAMS 0x0000000081300000, 0x0000000081300000| Untracked 
|  19|0x0000000081300000, 0x0000000081400000, 0x0000000081400000|100%| O|  |TAMS 0x0000000081400000, 0x0000000081400000| Untracked 
|  20|0x0000000081400000, 0x0000000081500000, 0x0000000081500000|100%| O|  |TAMS 0x0000000081500000, 0x0000000081500000| Untracked 
|  21|0x0000000081500000, 0x0000000081600000, 0x0000000081600000|100%| O|  |TAMS 0x0000000081600000, 0x0000000081600000| Untracked 
|  22|0x0000000081600000, 0x0000000081700000, 0x0000000081700000|100%| O|  |TAMS 0x0000000081700000, 0x0000000081700000| Untracked 
|  23|0x0000000081700000, 0x0000000081700000, 0x0000000081800000|  0%| F|  |TAMS 0x0000000081700000, 0x0000000081700000| Untracked 
|  24|0x0000000081800000, 0x0000000081900000, 0x0000000081900000|100%| O|  |TAMS 0x0000000081900000, 0x0000000081900000| Untracked 
|  25|0x0000000081900000, 0x0000000081a00000, 0x0000000081a00000|100%| O|  |TAMS 0x0000000081a00000, 0x0000000081a00000| Untracked 
|  26|0x0000000081a00000, 0x0000000081b00000, 0x0000000081b00000|100%| O|  |TAMS 0x0000000081b00000, 0x0000000081b00000| Untracked 
|  27|0x0000000081b00000, 0x0000000081c00000, 0x0000000081c00000|100%| O|  |TAMS 0x0000000081c00000, 0x0000000081c00000| Untracked 
|  28|0x0000000081c00000, 0x0000000081d00000, 0x0000000081d00000|100%| O|  |TAMS 0x0000000081d00000, 0x0000000081d00000| Untracked 
|  29|0x0000000081d00000, 0x0000000081e00000, 0x0000000081e00000|100%| O|  |TAMS 0x0000000081e00000, 0x0000000081e00000| Untracked 
|  30|0x0000000081e00000, 0x0000000081f00000, 0x0000000081f00000|100%| O|  |TAMS 0x0000000081f00000, 0x0000000081f00000| Untracked 
|  31|0x0000000081f00000, 0x0000000082000000, 0x0000000082000000|100%| O|  |TAMS 0x0000000082000000, 0x0000000082000000| Untracked 
|  32|0x0000000082000000, 0x0000000082100000, 0x0000000082100000|100%| O|  |TAMS 0x0000000082100000, 0x0000000082100000| Untracked 
|  33|0x0000000082100000, 0x0000000082200000, 0x0000000082200000|100%| O|  |TAMS 0x0000000082200000, 0x0000000082200000| Untracked 
|  34|0x0000000082200000, 0x0000000082300000, 0x0000000082300000|100%| O|  |TAMS 0x0000000082300000, 0x0000000082300000| Untracked 
|  35|0x0000000082300000, 0x0000000082400000, 0x0000000082400000|100%| O|  |TAMS 0x0000000082400000, 0x0000000082400000| Untracked 
|  36|0x0000000082400000, 0x0000000082500000, 0x0000000082500000|100%| O|  |TAMS 0x0000000082500000, 0x0000000082500000| Untracked 
|  37|0x0000000082500000, 0x0000000082600000, 0x0000000082600000|100%|HS|  |TAMS 0x0000000082600000, 0x0000000082600000| Complete 
|  38|0x0000000082600000, 0x0000000082700000, 0x0000000082700000|100%|HS|  |TAMS 0x0000000082700000, 0x0000000082700000| Complete 
|  39|0x0000000082700000, 0x0000000082800000, 0x0000000082800000|100%|HS|  |TAMS 0x0000000082800000, 0x0000000082800000| Complete 
|  40|0x0000000082800000, 0x0000000082900000, 0x0000000082900000|100%|HC|  |TAMS 0x0000000082900000, 0x0000000082900000| Complete 
|  41|0x0000000082900000, 0x0000000082a00000, 0x0000000082a00000|100%|HS|  |TAMS 0x0000000082a00000, 0x0000000082a00000| Complete 
|  42|0x0000000082a00000, 0x0000000082b00000, 0x0000000082b00000|100%|HC|  |TAMS 0x0000000082b00000, 0x0000000082b00000| Complete 
|  43|0x0000000082b00000, 0x0000000082c00000, 0x0000000082c00000|100%|HS|  |TAMS 0x0000000082c00000, 0x0000000082c00000| Complete 
|  44|0x0000000082c00000, 0x0000000082d00000, 0x0000000082d00000|100%|HS|  |TAMS 0x0000000082d00000, 0x0000000082d00000| Complete 
|  45|0x0000000082d00000, 0x0000000082e00000, 0x0000000082e00000|100%|HC|  |TAMS 0x0000000082e00000, 0x0000000082e00000| Complete 
|  46|0x0000000082e00000, 0x0000000082f00000, 0x0000000082f00000|100%|HC|  |TAMS 0x0000000082f00000, 0x0000000082f00000| Complete 
|  47|0x0000000082f00000, 0x0000000083000000, 0x0000000083000000|100%|HC|  |TAMS 0x0000000083000000, 0x0000000083000000| Complete 
|  48|0x0000000083000000, 0x0000000083100000, 0x0000000083100000|100%|HS|  |TAMS 0x0000000083100000, 0x0000000083100000| Complete 
|  49|0x0000000083100000, 0x0000000083200000, 0x0000000083200000|100%| O|  |TAMS 0x0000000083200000, 0x0000000083200000| Untracked 
|  50|0x0000000083200000, 0x0000000083300000, 0x0000000083300000|100%|HS|  |TAMS 0x0000000083300000, 0x0000000083300000| Complete 
|  51|0x0000000083300000, 0x0000000083400000, 0x0000000083400000|100%| O|  |TAMS 0x0000000083400000, 0x0000000083400000| Untracked 
|  52|0x0000000083400000, 0x0000000083500000, 0x0000000083500000|100%| O|  |TAMS 0x0000000083500000, 0x0000000083500000| Untracked 
|  53|0x0000000083500000, 0x000000008354d800, 0x0000000083600000| 30%| O|  |TAMS 0x000000008354d800, 0x000000008354d800| Untracked 
|  54|0x0000000083600000, 0x0000000083600000, 0x0000000083700000|  0%| F|  |TAMS 0x0000000083600000, 0x0000000083600000| Untracked 
|  55|0x0000000083700000, 0x0000000083700000, 0x0000000083800000|  0%| F|  |TAMS 0x0000000083700000, 0x0000000083700000| Untracked 
|  56|0x0000000083800000, 0x0000000083900000, 0x0000000083900000|100%| O|  |TAMS 0x0000000083900000, 0x0000000083900000| Untracked 
|  57|0x0000000083900000, 0x0000000083a00000, 0x0000000083a00000|100%| O|  |TAMS 0x0000000083a00000, 0x0000000083a00000| Untracked 
|  58|0x0000000083a00000, 0x0000000083b00000, 0x0000000083b00000|100%| O|  |TAMS 0x0000000083b00000, 0x0000000083b00000| Untracked 
|  59|0x0000000083b00000, 0x0000000083b00000, 0x0000000083c00000|  0%| F|  |TAMS 0x0000000083b00000, 0x0000000083b00000| Untracked 
|  60|0x0000000083c00000, 0x0000000083c00000, 0x0000000083d00000|  0%| F|  |TAMS 0x0000000083c00000, 0x0000000083c00000| Untracked 
|  61|0x0000000083d00000, 0x0000000083d00000, 0x0000000083e00000|  0%| F|  |TAMS 0x0000000083d00000, 0x0000000083d00000| Untracked 
|  62|0x0000000083e00000, 0x0000000083e00000, 0x0000000083f00000|  0%| F|  |TAMS 0x0000000083e00000, 0x0000000083e00000| Untracked 
|  63|0x0000000083f00000, 0x0000000083f00000, 0x0000000084000000|  0%| F|  |TAMS 0x0000000083f00000, 0x0000000083f00000| Untracked 
|  64|0x0000000084000000, 0x0000000084000000, 0x0000000084100000|  0%| F|  |TAMS 0x0000000084000000, 0x0000000084000000| Untracked 
|  65|0x0000000084100000, 0x0000000084100000, 0x0000000084200000|  0%| F|  |TAMS 0x0000000084100000, 0x0000000084100000| Untracked 
|  66|0x0000000084200000, 0x0000000084200000, 0x0000000084300000|  0%| F|  |TAMS 0x0000000084200000, 0x0000000084200000| Untracked 
|  67|0x0000000084300000, 0x0000000084300000, 0x0000000084400000|  0%| F|  |TAMS 0x0000000084300000, 0x0000000084300000| Untracked 
|  68|0x0000000084400000, 0x0000000084400000, 0x0000000084500000|  0%| F|  |TAMS 0x0000000084400000, 0x0000000084400000| Untracked 
|  69|0x0000000084500000, 0x0000000084500000, 0x0000000084600000|  0%| F|  |TAMS 0x0000000084500000, 0x0000000084500000| Untracked 
|  70|0x0000000084600000, 0x0000000084600000, 0x0000000084700000|  0%| F|  |TAMS 0x0000000084600000, 0x0000000084600000| Untracked 
|  71|0x0000000084700000, 0x0000000084700000, 0x0000000084800000|  0%| F|  |TAMS 0x0000000084700000, 0x0000000084700000| Untracked 
|  72|0x0000000084800000, 0x0000000084800000, 0x0000000084900000|  0%| F|  |TAMS 0x0000000084800000, 0x0000000084800000| Untracked 
|  73|0x0000000084900000, 0x0000000084900000, 0x0000000084a00000|  0%| F|  |TAMS 0x0000000084900000, 0x0000000084900000| Untracked 
|  74|0x0000000084a00000, 0x0000000084a00000, 0x0000000084b00000|  0%| F|  |TAMS 0x0000000084a00000, 0x0000000084a00000| Untracked 
|  75|0x0000000084b00000, 0x0000000084b00000, 0x0000000084c00000|  0%| F|  |TAMS 0x0000000084b00000, 0x0000000084b00000| Untracked 
|  76|0x0000000084c00000, 0x0000000084c00000, 0x0000000084d00000|  0%| F|  |TAMS 0x0000000084c00000, 0x0000000084c00000| Untracked 
|  77|0x0000000084d00000, 0x0000000084d00000, 0x0000000084e00000|  0%| F|  |TAMS 0x0000000084d00000, 0x0000000084d00000| Untracked 
|  78|0x0000000084e00000, 0x0000000084e00000, 0x0000000084f00000|  0%| F|  |TAMS 0x0000000084e00000, 0x0000000084e00000| Untracked 
|  79|0x0000000084f00000, 0x0000000084f00000, 0x0000000085000000|  0%| F|  |TAMS 0x0000000084f00000, 0x0000000084f00000| Untracked 
|  80|0x0000000085000000, 0x0000000085000000, 0x0000000085100000|  0%| F|  |TAMS 0x0000000085000000, 0x0000000085000000| Untracked 
|  81|0x0000000085100000, 0x0000000085100000, 0x0000000085200000|  0%| F|  |TAMS 0x0000000085100000, 0x0000000085100000| Untracked 
|  82|0x0000000085200000, 0x0000000085200000, 0x0000000085300000|  0%| F|  |TAMS 0x0000000085200000, 0x0000000085200000| Untracked 
|  83|0x0000000085300000, 0x0000000085300000, 0x0000000085400000|  0%| F|  |TAMS 0x0000000085300000, 0x0000000085300000| Untracked 
|  84|0x0000000085400000, 0x0000000085400000, 0x0000000085500000|  0%| F|  |TAMS 0x0000000085400000, 0x0000000085400000| Untracked 
|  85|0x0000000085500000, 0x0000000085500000, 0x0000000085600000|  0%| F|  |TAMS 0x0000000085500000, 0x0000000085500000| Untracked 
|  86|0x0000000085600000, 0x0000000085692490, 0x0000000085700000| 57%| S|CS|TAMS 0x0000000085600000, 0x0000000085600000| Complete 
|  87|0x0000000085700000, 0x0000000085800000, 0x0000000085800000|100%| S|CS|TAMS 0x0000000085700000, 0x0000000085700000| Complete 
| 116|0x0000000087400000, 0x0000000087500000, 0x0000000087500000|100%| S|CS|TAMS 0x0000000087400000, 0x0000000087400000| Complete 
| 117|0x0000000087500000, 0x0000000087500000, 0x0000000087600000|  0%| F|  |TAMS 0x0000000087500000, 0x0000000087500000| Untracked 
| 118|0x0000000087600000, 0x0000000087600000, 0x0000000087700000|  0%| F|  |TAMS 0x0000000087600000, 0x0000000087600000| Untracked 
| 119|0x0000000087700000, 0x0000000087700000, 0x0000000087800000|  0%| F|  |TAMS 0x0000000087700000, 0x0000000087700000| Untracked 
| 120|0x0000000087800000, 0x0000000087800000, 0x0000000087900000|  0%| F|  |TAMS 0x0000000087800000, 0x0000000087800000| Untracked 
| 121|0x0000000087900000, 0x0000000087900000, 0x0000000087a00000|  0%| F|  |TAMS 0x0000000087900000, 0x0000000087900000| Untracked 
| 122|0x0000000087a00000, 0x0000000087a00000, 0x0000000087b00000|  0%| F|  |TAMS 0x0000000087a00000, 0x0000000087a00000| Untracked 
| 123|0x0000000087b00000, 0x0000000087b00000, 0x0000000087c00000|  0%| F|  |TAMS 0x0000000087b00000, 0x0000000087b00000| Untracked 
| 124|0x0000000087c00000, 0x0000000087c00000, 0x0000000087d00000|  0%| F|  |TAMS 0x0000000087c00000, 0x0000000087c00000| Untracked 
| 125|0x0000000087d00000, 0x0000000087d00000, 0x0000000087e00000|  0%| F|  |TAMS 0x0000000087d00000, 0x0000000087d00000| Untracked 
| 126|0x0000000087e00000, 0x0000000087e00000, 0x0000000087f00000|  0%| F|  |TAMS 0x0000000087e00000, 0x0000000087e00000| Untracked 
| 127|0x0000000087f00000, 0x0000000087f00000, 0x0000000088000000|  0%| F|  |TAMS 0x0000000087f00000, 0x0000000087f00000| Untracked 
| 246|0x000000008f600000, 0x000000008f600000, 0x000000008f700000|  0%| F|  |TAMS 0x000000008f600000, 0x000000008f600000| Untracked 
| 247|0x000000008f700000, 0x000000008f700000, 0x000000008f800000|  0%| F|  |TAMS 0x000000008f700000, 0x000000008f700000| Untracked 
|2044|0x00000000ffc00000, 0x00000000ffd00000, 0x00000000ffd00000|100%| O|  |TAMS 0x00000000ffd00000, 0x00000000ffd00000| Untracked 
|2045|0x00000000ffd00000, 0x00000000ffe00000, 0x00000000ffe00000|100%| O|  |TAMS 0x00000000ffe00000, 0x00000000ffe00000| Untracked 
|2046|0x00000000ffe00000, 0x00000000fff00000, 0x00000000fff00000|100%| O|  |TAMS 0x00000000fff00000, 0x00000000fff00000| Untracked 
|2047|0x00000000fff00000, 0x0000000100000000, 0x0000000100000000|100%| O|  |TAMS 0x0000000100000000, 0x0000000100000000| Untracked 

Card table byte_map: [0x00000223a05c0000,0x00000223a09c0000] _byte_map_base: 0x00000223a01c0000

Marking Bits (Prev, Next): (CMBitMap*) 0x00000223870051f0, (CMBitMap*) 0x00000223870051b0
 Prev Bits: [0x00000223a2dc0000, 0x00000223a4dc0000)
 Next Bits: [0x00000223a0dc0000, 0x00000223a2dc0000)

Polling page: 0x0000022386c00000

Metaspace:

Usage:
  Non-class:     44.39 MB used.
      Class:      7.16 MB used.
       Both:     51.55 MB used.

Virtual space:
  Non-class space:       64.00 MB reserved,      44.62 MB ( 70%) committed,  1 nodes.
      Class space:        1.00 GB reserved,       7.44 MB ( <1%) committed,  1 nodes.
             Both:        1.06 GB reserved,      52.06 MB (  5%) committed. 

Chunk freelists:
   Non-Class:  3.00 MB
       Class:  8.53 MB
        Both:  11.53 MB

MaxMetaspaceSize: unlimited
CompressedClassSpaceSize: 1.00 GB
Initial GC threshold: 21.00 MB
Current GC threshold: 83.75 MB
CDS: on
MetaspaceReclaimPolicy: balanced
 - commit_granule_bytes: 65536.
 - commit_granule_words: 8192.
 - virtual_space_node_default_size: 8388608.
 - enlarge_chunks_in_place: 1.
 - new_chunks_are_fully_committed: 0.
 - uncommit_free_chunks: 1.
 - use_allocation_guard: 0.
 - handle_deallocations: 1.


Internal statistics:

num_allocs_failed_limit: 6.
num_arena_births: 688.
num_arena_deaths: 0.
num_vsnodes_births: 2.
num_vsnodes_deaths: 0.
num_space_committed: 833.
num_space_uncommitted: 0.
num_chunks_returned_to_freelist: 6.
num_chunks_taken_from_freelist: 2766.
num_chunk_merges: 6.
num_chunk_splits: 1834.
num_chunks_enlarged: 1218.
num_inconsistent_stats: 0.

CodeHeap 'non-profiled nmethods': size=119168Kb used=3096Kb max_used=3387Kb free=116071Kb
 bounds [0x0000022397c90000, 0x0000022397fe0000, 0x000002239f0f0000]
CodeHeap 'profiled nmethods': size=119104Kb used=13328Kb max_used=14090Kb free=105775Kb
 bounds [0x00000223900f0000, 0x0000022390ec0000, 0x0000022397540000]
CodeHeap 'non-nmethods': size=7488Kb used=3343Kb max_used=3383Kb free=4144Kb
 bounds [0x0000022397540000, 0x00000223978a0000, 0x0000022397c90000]
 total_blobs=7619 nmethods=6889 adapters=639
 compilation: enabled
              stopped_count=0, restarted_count=0
 full_count=0

Compilation events (20 events):
Event: 16.126 Thread 0x00000223e9257800 7689  s    3       java.util.Hashtable::put (104 bytes)
Event: 16.126 Thread 0x00000223a7272ac0 7690       3       java.util.Hashtable::addEntry (87 bytes)
Event: 16.126 Thread 0x00000223a7272ac0 nmethod 7690 0x00000223908e9190 code [0x00000223908e9380, 0x00000223908e9ad8]
Event: 16.126 Thread 0x00000223e9257800 nmethod 7689 0x000002239090bd10 code [0x000002239090bf20, 0x000002239090c618]
Event: 16.127 Thread 0x00000223ee10bf90 7691       3       java.util.LinkedList::checkElementIndex (22 bytes)
Event: 16.127 Thread 0x00000223ee10bf90 nmethod 7691 0x000002239090b090 code [0x000002239090b2e0, 0x000002239090ba28]
Event: 16.128 Thread 0x00000223a7272ac0 7692       3       java.util.LinkedList::get (14 bytes)
Event: 16.128 Thread 0x00000223e9257800 7693       3       sun.security.util.SignatureFileVerifier::updateSigners (164 bytes)
Event: 16.128 Thread 0x00000223e9165130 7694       3       sun.security.util.SignatureFileVerifier::matches (93 bytes)
Event: 16.128 Thread 0x00000223a7272ac0 nmethod 7692 0x000002239090a910 code [0x000002239090ab00, 0x000002239090aee8]
Event: 16.128 Thread 0x00000223e9257800 nmethod 7693 0x0000022390143710 code [0x00000223901439a0, 0x0000022390144728]
Event: 16.128 Thread 0x00000223e9165130 nmethod 7694 0x0000022390142910 code [0x0000022390142b60, 0x00000223901433b8]
Event: 16.129 Thread 0x00000223ee10bf90 7695       3       sun.security.util.SecurityProviderConstants::getAliases (65 bytes)
Event: 16.130 Thread 0x00000223ee10bf90 nmethod 7695 0x000002239028be10 code [0x000002239028c080, 0x000002239028c988]
Event: 16.130 Thread 0x00000223ee10bf90 7696       3       java.security.Provider::implRemoveService (149 bytes)
Event: 16.130 Thread 0x00000223ee10bf90 nmethod 7696 0x000002239028ab10 code [0x000002239028ada0, 0x000002239028ba28]
Event: 16.131 Thread 0x00000223e9257800 7697       3       java.security.Provider::putPropertyStrings (214 bytes)
Event: 16.132 Thread 0x00000223e9257800 nmethod 7697 0x000002239012b710 code [0x000002239012bc20, 0x000002239012e098]
Event: 16.136 Thread 0x00000223a726f950 nmethod 7684% 0x0000022397cef610 code [0x0000022397cef7c0, 0x0000022397cf0788]
Event: 16.136 Thread 0x00000223a726f950 7683 %     4       java.math.BigInteger::shiftLeftImplWorker @ 9 (43 bytes)

GC Heap History (20 events):
Event: 13.024 GC heap after
{Heap after GC invocations=11 (full 0):
 garbage-first heap   total 86016K, used 37294K [0x0000000080000000, 0x0000000100000000)
  region size 1024K, 5 young (5120K), 5 survivors (5120K)
 Metaspace       used 42506K, committed 43008K, reserved 1114112K
  class space    used 6003K, committed 6208K, reserved 1048576K
}
Event: 13.639 GC heap before
{Heap before GC invocations=11 (full 0):
 garbage-first heap   total 86016K, used 66990K [0x0000000080000000, 0x0000000100000000)
  region size 1024K, 35 young (35840K), 5 survivors (5120K)
 Metaspace       used 43676K, committed 44224K, reserved 1114112K
  class space    used 6175K, committed 6464K, reserved 1048576K
}
Event: 13.645 GC heap after
{Heap after GC invocations=12 (full 0):
 garbage-first heap   total 86016K, used 39221K [0x0000000080000000, 0x0000000100000000)
  region size 1024K, 3 young (3072K), 3 survivors (3072K)
 Metaspace       used 43676K, committed 44224K, reserved 1114112K
  class space    used 6175K, committed 6464K, reserved 1048576K
}
Event: 13.764 GC heap before
{Heap before GC invocations=12 (full 0):
 garbage-first heap   total 86016K, used 42293K [0x0000000080000000, 0x0000000100000000)
  region size 1024K, 8 young (8192K), 3 survivors (3072K)
 Metaspace       used 43744K, committed 44288K, reserved 1114112K
  class space    used 6183K, committed 6464K, reserved 1048576K
}
Event: 13.767 GC heap after
{Heap after GC invocations=13 (full 0):
 garbage-first heap   total 86016K, used 38931K [0x0000000080000000, 0x0000000100000000)
  region size 1024K, 2 young (2048K), 2 survivors (2048K)
 Metaspace       used 43744K, committed 44288K, reserved 1114112K
  class space    used 6183K, committed 6464K, reserved 1048576K
}
Event: 13.781 GC heap before
{Heap before GC invocations=13 (full 0):
 garbage-first heap   total 86016K, used 39955K [0x0000000080000000, 0x0000000100000000)
  region size 1024K, 3 young (3072K), 2 survivors (2048K)
 Metaspace       used 43744K, committed 44288K, reserved 1114112K
  class space    used 6183K, committed 6464K, reserved 1048576K
}
Event: 13.786 GC heap after
{Heap after GC invocations=14 (full 0):
 garbage-first heap   total 86016K, used 40147K [0x0000000080000000, 0x0000000100000000)
  region size 1024K, 2 young (2048K), 2 survivors (2048K)
 Metaspace       used 43744K, committed 44288K, reserved 1114112K
  class space    used 6183K, committed 6464K, reserved 1048576K
}
Event: 14.642 GC heap before
{Heap before GC invocations=15 (full 0):
 garbage-first heap   total 86016K, used 78035K [0x0000000080000000, 0x0000000100000000)
  region size 1024K, 28 young (28672K), 2 survivors (2048K)
 Metaspace       used 45213K, committed 45760K, reserved 1114112K
  class space    used 6398K, committed 6656K, reserved 1048576K
}
Event: 14.649 GC heap after
{Heap after GC invocations=16 (full 0):
 garbage-first heap   total 108544K, used 59572K [0x0000000080000000, 0x0000000100000000)
  region size 1024K, 4 young (4096K), 4 survivors (4096K)
 Metaspace       used 45213K, committed 45760K, reserved 1114112K
  class space    used 6398K, committed 6656K, reserved 1048576K
}
Event: 14.683 GC heap before
{Heap before GC invocations=16 (full 0):
 garbage-first heap   total 108544K, used 60596K [0x0000000080000000, 0x0000000100000000)
  region size 1024K, 5 young (5120K), 4 survivors (4096K)
 Metaspace       used 45289K, committed 45824K, reserved 1114112K
  class space    used 6402K, committed 6656K, reserved 1048576K
}
Event: 14.687 GC heap after
{Heap after GC invocations=17 (full 0):
 garbage-first heap   total 108544K, used 59346K [0x0000000080000000, 0x0000000100000000)
  region size 1024K, 1 young (1024K), 1 survivors (1024K)
 Metaspace       used 45289K, committed 45824K, reserved 1114112K
  class space    used 6402K, committed 6656K, reserved 1048576K
}
Event: 14.695 GC heap before
{Heap before GC invocations=17 (full 0):
 garbage-first heap   total 108544K, used 59346K [0x0000000080000000, 0x0000000100000000)
  region size 1024K, 2 young (2048K), 1 survivors (1024K)
 Metaspace       used 45317K, committed 45888K, reserved 1114112K
  class space    used 6404K, committed 6656K, reserved 1048576K
}
Event: 14.696 GC heap after
{Heap after GC invocations=18 (full 0):
 garbage-first heap   total 108544K, used 59303K [0x0000000080000000, 0x0000000100000000)
  region size 1024K, 1 young (1024K), 1 survivors (1024K)
 Metaspace       used 45317K, committed 45888K, reserved 1114112K
  class space    used 6404K, committed 6656K, reserved 1048576K
}
Event: 15.125 GC heap before
{Heap before GC invocations=19 (full 0):
 garbage-first heap   total 108544K, used 85927K [0x0000000080000000, 0x0000000100000000)
  region size 1024K, 27 young (27648K), 1 survivors (1024K)
 Metaspace       used 47751K, committed 48320K, reserved 1114112K
  class space    used 6687K, committed 6976K, reserved 1048576K
}
Event: 15.128 GC heap after
{Heap after GC invocations=20 (full 0):
 garbage-first heap   total 108544K, used 61236K [0x0000000080000000, 0x0000000100000000)
  region size 1024K, 1 young (1024K), 1 survivors (1024K)
 Metaspace       used 47751K, committed 48320K, reserved 1114112K
  class space    used 6687K, committed 6976K, reserved 1048576K
}
Event: 15.171 GC heap before
{Heap before GC invocations=20 (full 0):
 garbage-first heap   total 108544K, used 64308K [0x0000000080000000, 0x0000000100000000)
  region size 1024K, 5 young (5120K), 1 survivors (1024K)
 Metaspace       used 48284K, committed 48832K, reserved 1114112K
  class space    used 6729K, committed 7040K, reserved 1048576K
}
Event: 15.175 GC heap after
{Heap after GC invocations=21 (full 0):
 garbage-first heap   total 108544K, used 60824K [0x0000000080000000, 0x0000000100000000)
  region size 1024K, 1 young (1024K), 1 survivors (1024K)
 Metaspace       used 48284K, committed 48832K, reserved 1114112K
  class space    used 6729K, committed 7040K, reserved 1048576K
}
Event: 15.853 GC heap before
{Heap before GC invocations=21 (full 0):
 garbage-first heap   total 108544K, used 85400K [0x0000000080000000, 0x0000000100000000)
  region size 1024K, 26 young (26624K), 1 survivors (1024K)
 Metaspace       used 50900K, committed 51456K, reserved 1114112K
  class space    used 7109K, committed 7360K, reserved 1048576K
}
Event: 15.855 GC heap after
{Heap after GC invocations=22 (full 0):
 garbage-first heap   total 108544K, used 61593K [0x0000000080000000, 0x0000000100000000)
  region size 1024K, 1 young (1024K), 1 survivors (1024K)
 Metaspace       used 50900K, committed 51456K, reserved 1114112K
  class space    used 7109K, committed 7360K, reserved 1048576K
}
Event: 16.138 GC heap before
{Heap before GC invocations=23 (full 0):
 garbage-first heap   total 108544K, used 73881K [0x0000000080000000, 0x0000000100000000)
  region size 1024K, 14 young (14336K), 1 survivors (1024K)
 Metaspace       used 52789K, committed 53312K, reserved 1114112K
  class space    used 7336K, committed 7616K, reserved 1048576K
}

Dll operation events (15 events):
Event: 0.017 Loaded shared library D:\dumix\Applications\Android\jdk-17\bin\java.dll
Event: 0.043 Loaded shared library D:\dumix\Applications\Android\jdk-17\bin\jsvml.dll
Event: 0.103 Loaded shared library D:\dumix\Applications\Android\jdk-17\bin\zip.dll
Event: 0.111 Loaded shared library D:\dumix\Applications\Android\jdk-17\bin\instrument.dll
Event: 0.118 Loaded shared library D:\dumix\Applications\Android\jdk-17\bin\net.dll
Event: 0.120 Loaded shared library D:\dumix\Applications\Android\jdk-17\bin\nio.dll
Event: 0.124 Loaded shared library D:\dumix\Applications\Android\jdk-17\bin\zip.dll
Event: 0.366 Loaded shared library D:\dumix\Applications\Android\jdk-17\bin\jimage.dll
Event: 0.460 Loaded shared library D:\dumix\Applications\Android\jdk-17\bin\verify.dll
Event: 1.616 Loaded shared library C:\Users\dumix\.gradle\native\c067742578af261105cb4f569cf0c3c89f3d7b1fecec35dd04571415982c5e48\windows-amd64\native-platform.dll
Event: 1.634 Loaded shared library C:\Users\dumix\.gradle\native\38dada09dfb8b06ba9b0570ebf7e218e3eb74d4ef43ca46872605cf95ebc2f47\windows-amd64\native-platform-file-events.dll
Event: 2.948 Loaded shared library D:\dumix\Applications\Android\jdk-17\bin\management.dll
Event: 2.951 Loaded shared library D:\dumix\Applications\Android\jdk-17\bin\management_ext.dll
Event: 3.281 Loaded shared library D:\dumix\Applications\Android\jdk-17\bin\extnet.dll
Event: 3.858 Loaded shared library D:\dumix\Applications\Android\jdk-17\bin\sunmscapi.dll

Deoptimization events (20 events):
Event: 16.132 Thread 0x00000223ef1e5e00 Uncommon trap: trap_request=0xffffff45 fr.pc=0x0000022397e04694 relative=0x0000000000000074
Event: 16.132 Thread 0x00000223ef1e5e00 Uncommon trap: reason=unstable_if action=reinterpret pc=0x0000022397e04694 method=java.security.CodeSource.getCertificates()[Ljava/security/cert/Certificate; @ 22 c2
Event: 16.132 Thread 0x00000223ef1e5e00 DEOPT PACKING pc=0x0000022397e04694 sp=0x000000c4b63f2ea0
Event: 16.132 Thread 0x00000223ef1e5e00 DEOPT UNPACKING pc=0x00000223975969a3 sp=0x000000c4b63f2e28 mode 2
Event: 16.135 Thread 0x00000223ef1e5e00 Uncommon trap: trap_request=0xffffff45 fr.pc=0x0000022397db649c relative=0x000000000000007c
Event: 16.135 Thread 0x00000223ef1e5e00 Uncommon trap: reason=unstable_if action=reinterpret pc=0x0000022397db649c method=java.util.jar.JarFile.maybeInstantiateVerifier()V @ 4 c2
Event: 16.135 Thread 0x00000223ef1e5e00 DEOPT PACKING pc=0x0000022397db649c sp=0x000000c4b63f1720
Event: 16.135 Thread 0x00000223ef1e5e00 DEOPT UNPACKING pc=0x00000223975969a3 sp=0x000000c4b63f16b0 mode 2
Event: 16.135 Thread 0x00000223ef1e5e00 Uncommon trap: trap_request=0xffffff45 fr.pc=0x0000022397e19450 relative=0x00000000000000b0
Event: 16.135 Thread 0x00000223ef1e5e00 Uncommon trap: reason=unstable_if action=reinterpret pc=0x0000022397e19450 method=java.util.jar.JarFile.maybeInstantiateVerifier()V @ 4 c2
Event: 16.135 Thread 0x00000223ef1e5e00 DEOPT PACKING pc=0x0000022397e19450 sp=0x000000c4b63f17c0
Event: 16.135 Thread 0x00000223ef1e5e00 DEOPT UNPACKING pc=0x00000223975969a3 sp=0x000000c4b63f16f0 mode 2
Event: 16.135 Thread 0x00000223ef1e5e00 Uncommon trap: trap_request=0xffffff45 fr.pc=0x0000022397d49090 relative=0x0000000000001130
Event: 16.135 Thread 0x00000223ef1e5e00 Uncommon trap: reason=unstable_if action=reinterpret pc=0x0000022397d49090 method=java.security.CodeSource.getCertificates()[Ljava/security/cert/Certificate; @ 4 c2
Event: 16.135 Thread 0x00000223ef1e5e00 DEOPT PACKING pc=0x0000022397d49090 sp=0x000000c4b63f1660
Event: 16.136 Thread 0x00000223ef1e5e00 DEOPT UNPACKING pc=0x00000223975969a3 sp=0x000000c4b63f1608 mode 2
Event: 16.136 Thread 0x00000223ef1e5e00 Uncommon trap: trap_request=0xffffff45 fr.pc=0x0000022397d32be0 relative=0x00000000000008c0
Event: 16.136 Thread 0x00000223ef1e5e00 Uncommon trap: reason=unstable_if action=reinterpret pc=0x0000022397d32be0 method=java.util.jar.JarFile.getEntry(Ljava/lang/String;)Ljava/util/zip/ZipEntry; @ 15 c2
Event: 16.136 Thread 0x00000223ef1e5e00 DEOPT PACKING pc=0x0000022397d32be0 sp=0x000000c4b63f30e0
Event: 16.136 Thread 0x00000223ef1e5e00 DEOPT UNPACKING pc=0x00000223975969a3 sp=0x000000c4b63f30c8 mode 2

Classes loaded (20 events):
Event: 16.122 Loading class java/security/interfaces/ECKey
Event: 16.122 Loading class java/security/interfaces/ECKey done
Event: 16.122 Loading class java/security/interfaces/XECKey
Event: 16.122 Loading class java/security/interfaces/XECKey done
Event: 16.122 Loading class sun/security/util/KeyUtil
Event: 16.122 Loading class sun/security/util/KeyUtil done
Event: 16.122 Loading class sun/security/util/Length
Event: 16.122 Loading class sun/security/util/Length done
Event: 16.122 Loading class javax/crypto/SecretKey
Event: 16.124 Loading class javax/crypto/SecretKey done
Event: 16.124 Loading class java/util/Base64
Event: 16.125 Loading class java/util/Base64 done
Event: 16.125 Loading class java/util/Base64$Decoder
Event: 16.125 Loading class java/util/Base64$Decoder done
Event: 16.125 Loading class java/util/Base64$Encoder
Event: 16.126 Loading class java/util/Base64$Encoder done
Event: 16.129 Loading class java/util/jar/JarVerifier$VerifierStream
Event: 16.129 Loading class java/util/jar/JarVerifier$VerifierStream done
Event: 16.129 Loading class sun/security/util/ManifestEntryVerifier$SunProviderHolder
Event: 16.129 Loading class sun/security/util/ManifestEntryVerifier$SunProviderHolder done

Classes unloaded (0 events):
No events

Classes redefined (0 events):
No events

Internal exceptions (20 events):
Event: 11.404 Thread 0x00000223ef1e5e00 Exception <a 'java/lang/NoSuchMethodError'{0x00000000835b2f18}: 'java.lang.Object java.lang.invoke.DelegatingMethodHandle$Holder.delegate(java.lang.Object, java.lang.Object, java.lang.Object, java.lang.Object, java.lang.Object, java.lang.Object, java.lang.Object, java.lang.Object, java.lang.Object, java.lang.Object, java.lang.Object, java.lang.Object, java.lang.Object, java.lang.Object, java.lang.Object, java.lang.Object, java.lang.Object, java.lang.Object, java.lang.Object, java.lang.Object, java.lang.Obj
Event: 11.420 Thread 0x00000223ef1e5e00 Exception <a 'java/lang/NoSuchMethodError'{0x0000000083488850}: 'java.lang.Object java.lang.invoke.DirectMethodHandle$Holder.invokeStatic(java.lang.Object, java.lang.Object, java.lang.Object, java.lang.Object, java.lang.Object, java.lang.Object, java.lang.Object, java.lang.Object, java.lang.Object, java.lang.Object, java.lang.Object, java.lang.Object, java.lang.Object, java.lang.Object, java.lang.Object, java.lang.Object, java.lang.Object, java.lang.Object, java.lang.Object, java.lang.Object, java.lang.Obj
Event: 11.920 Thread 0x00000223ef1e5e00 Exception <a 'java/lang/NoSuchMethodError'{0x00000000879fa1c8}: 'int java.lang.invoke.DirectMethodHandle$Holder.invokeSpecialIFC(java.lang.Object, java.lang.Object, java.lang.Object)'> (0x00000000879fa1c8) 
thrown [s\src\hotspot\share\interpreter\linkResolver.cpp, line 759]
Event: 12.084 Thread 0x00000223ef1e5e00 Exception <a 'java/lang/NoSuchMethodError'{0x00000000875c49f8}: 'java.lang.Object java.lang.invoke.DirectMethodHandle$Holder.newInvokeSpecial(java.lang.Object, java.lang.Object, java.lang.Object, java.lang.Object, java.lang.Object, int)'> (0x00000000875c49f8) 
thrown [s\src\hotspot\share\interpreter\linkResolver.cpp, line 759]
Event: 12.084 Thread 0x00000223ef1e5e00 Exception <a 'java/lang/NoSuchMethodError'{0x00000000875c9e50}: 'java.lang.Object java.lang.invoke.DirectMethodHandle$Holder.invokeSpecial(java.lang.Object, java.lang.Object, java.lang.Object, java.lang.Object, java.lang.Object, java.lang.Object, int)'> (0x00000000875c9e50) 
thrown [s\src\hotspot\share\interpreter\linkResolver.cpp, line 759]
Event: 12.085 Thread 0x00000223ef1e5e00 Exception <a 'java/lang/NoSuchMethodError'{0x00000000875cec30}: 'java.lang.Object java.lang.invoke.Invokers$Holder.linkToTargetMethod(java.lang.Object, java.lang.Object, java.lang.Object, java.lang.Object, int, java.lang.Object)'> (0x00000000875cec30) 
thrown [s\src\hotspot\share\interpreter\linkResolver.cpp, line 759]
Event: 12.099 Thread 0x00000223ef1e5e00 Exception <a 'java/lang/NoSuchMethodError'{0x000000008741da58}: 'java.lang.Object java.lang.invoke.DirectMethodHandle$Holder.invokeSpecial(java.lang.Object, java.lang.Object, java.lang.Object, java.lang.Object, java.lang.Object, long)'> (0x000000008741da58) 
thrown [s\src\hotspot\share\interpreter\linkResolver.cpp, line 759]
Event: 12.105 Thread 0x00000223ef1e5e00 Exception <a 'java/lang/NoSuchMethodError'{0x00000000874479d8}: 'void java.lang.invoke.DirectMethodHandle$Holder.invokeStatic(java.lang.Object, java.lang.Object, java.lang.Object, int, java.lang.Object)'> (0x00000000874479d8) 
thrown [s\src\hotspot\share\interpreter\linkResolver.cpp, line 759]
Event: 12.362 Thread 0x00000223ef1e5e00 Exception <a 'java/lang/NoSuchMethodError'{0x00000000842e58e8}: 'java.lang.Object java.lang.invoke.DirectMethodHandle$Holder.newInvokeSpecial(java.lang.Object, java.lang.Object, int)'> (0x00000000842e58e8) 
thrown [s\src\hotspot\share\interpreter\linkResolver.cpp, line 759]
Event: 13.133 Thread 0x00000223ef1e5e00 Exception <a 'java/lang/NoSuchMethodError'{0x0000000087dc2630}: 'java.lang.Object java.lang.invoke.DirectMethodHandle$Holder.newInvokeSpecial(java.lang.Object, java.lang.Object, java.lang.Object, java.lang.Object, int, java.lang.Object)'> (0x0000000087dc2630) 
thrown [s\src\hotspot\share\interpreter\linkResolver.cpp, line 759]
Event: 13.134 Thread 0x00000223ef1e5e00 Exception <a 'java/lang/NoSuchMethodError'{0x0000000087dc7988}: 'java.lang.Object java.lang.invoke.Invokers$Holder.linkToTargetMethod(java.lang.Object, java.lang.Object, java.lang.Object, int, java.lang.Object, java.lang.Object)'> (0x0000000087dc7988) 
thrown [s\src\hotspot\share\interpreter\linkResolver.cpp, line 759]
Event: 13.754 Thread 0x00000223ef1e5e00 Implicit null exception at 0x0000022397f43a92 to 0x0000022397f440f8
Event: 13.754 Thread 0x00000223ef1e5e00 Implicit null exception at 0x0000022397f45c94 to 0x0000022397f46360
Event: 13.934 Thread 0x00000223ef1e5e00 Exception <a 'java/lang/NoSuchMethodError'{0x0000000087dded08}: 'void java.lang.invoke.Invokers$Holder.invoke_MT(java.lang.Object, java.lang.Object, java.lang.Object, java.lang.Object)'> (0x0000000087dded08) 
thrown [s\src\hotspot\share\interpreter\linkResolver.cpp, line 759]
Event: 13.953 Thread 0x00000223ef1e5e00 Exception <a 'java/lang/NoSuchMethodError'{0x0000000087c65ce0}: 'java.lang.Object java.lang.invoke.DirectMethodHandle$Holder.invokeSpecial(java.lang.Object, java.lang.Object, java.lang.Object, int, java.lang.Object, java.lang.Object)'> (0x0000000087c65ce0) 
thrown [s\src\hotspot\share\interpreter\linkResolver.cpp, line 759]
Event: 14.265 Thread 0x00000223ef1e5e00 Exception <a 'java/lang/ClassNotFoundException'{0x000000008453c228}: sun/misc/SharedSecrets> (0x000000008453c228) 
thrown [s\src\hotspot\share\classfile\systemDictionary.cpp, line 257]
Event: 14.265 Thread 0x00000223ef1e5e00 Exception <a 'java/lang/ClassNotFoundException'{0x000000008453d800}: org/gradle/api/internal/plugins/DefaultObjectConfigurationActionBeanInfo> (0x000000008453d800) 
thrown [s\src\hotspot\share\classfile\systemDictionary.cpp, line 257]
Event: 14.268 Thread 0x00000223ef1e5e00 Exception <a 'java/lang/ClassNotFoundException'{0x0000000084551a00}: org/gradle/api/internal/plugins/DefaultObjectConfigurationActionCustomizer> (0x0000000084551a00) 
thrown [s\src\hotspot\share\classfile\systemDictionary.cpp, line 257]
Event: 16.038 Thread 0x00000223ef1e5e00 Implicit null exception at 0x0000022397e76fac to 0x0000022397e770ca
Event: 16.119 Thread 0x00000223ef1e5e00 Implicit null exception at 0x0000022397f5ebca to 0x0000022397f5f420

VM Operations (20 events):
Event: 14.696 Executing VM operation: G1TryInitiateConcMark done
Event: 14.714 Executing VM operation: G1PauseRemark
Event: 14.719 Executing VM operation: G1PauseRemark done
Event: 14.726 Executing VM operation: G1PauseCleanup
Event: 14.726 Executing VM operation: G1PauseCleanup done
Event: 15.125 Executing VM operation: G1CollectForAllocation
Event: 15.128 Executing VM operation: G1CollectForAllocation done
Event: 15.171 Executing VM operation: G1CollectForAllocation
Event: 15.175 Executing VM operation: G1CollectForAllocation done
Event: 15.853 Executing VM operation: G1CollectForAllocation
Event: 15.855 Executing VM operation: G1CollectForAllocation done
Event: 15.875 Executing VM operation: G1PauseRemark
Event: 15.878 Executing VM operation: G1PauseRemark done
Event: 15.885 Executing VM operation: G1PauseCleanup
Event: 15.885 Executing VM operation: G1PauseCleanup done
Event: 15.995 Executing VM operation: HandshakeAllThreads
Event: 15.995 Executing VM operation: HandshakeAllThreads done
Event: 16.063 Executing VM operation: HandshakeAllThreads
Event: 16.063 Executing VM operation: HandshakeAllThreads done
Event: 16.138 Executing VM operation: G1TryInitiateConcMark

Memory protections (0 events):
No events

Nmethod flushes (20 events):
Event: 14.466 Thread 0x00000223a7277480 flushing  nmethod 0x0000022390ac0490
Event: 14.466 Thread 0x00000223a7277480 flushing  nmethod 0x0000022390ac0c10
Event: 14.466 Thread 0x00000223a7277480 flushing  nmethod 0x0000022390ac1610
Event: 14.466 Thread 0x00000223a7277480 flushing  nmethod 0x0000022390ac1a90
Event: 14.466 Thread 0x00000223a7277480 flushing  nmethod 0x0000022390ac2590
Event: 14.466 Thread 0x00000223a7277480 flushing  nmethod 0x0000022390ac9a90
Event: 14.467 Thread 0x00000223a7277480 flushing  nmethod 0x0000022390b01210
Event: 14.467 Thread 0x00000223a7277480 flushing  nmethod 0x0000022390b09110
Event: 14.467 Thread 0x00000223a7277480 flushing  nmethod 0x0000022390b0dd10
Event: 14.467 Thread 0x00000223a7277480 flushing  nmethod 0x0000022390b16090
Event: 14.467 Thread 0x00000223a7277480 flushing  nmethod 0x0000022390b1ec10
Event: 14.467 Thread 0x00000223a7277480 flushing  nmethod 0x0000022390b7f990
Event: 14.467 Thread 0x00000223a7277480 flushing  nmethod 0x0000022390ba1510
Event: 14.469 Thread 0x00000223a7277480 flushing  nmethod 0x0000022390cb0390
Event: 14.469 Thread 0x00000223a7277480 flushing  nmethod 0x0000022390cb0710
Event: 14.469 Thread 0x00000223a7277480 flushing  nmethod 0x0000022390cc7290
Event: 14.469 Thread 0x00000223a7277480 flushing  nmethod 0x0000022390cd3390
Event: 14.470 Thread 0x00000223a7277480 flushing  nmethod 0x0000022390da1f10
Event: 14.471 Thread 0x00000223a7277480 flushing  nmethod 0x0000022390e1fb90
Event: 14.471 Thread 0x00000223a7277480 flushing  nmethod 0x0000022390e33890

Events (20 events):
Event: 12.994 Thread 0x00000223ef1e5e00 Thread added: 0x00000223ef237e10
Event: 12.994 Thread 0x00000223ef1e5e00 Thread added: 0x00000223ef23bad0
Event: 13.184 Thread 0x00000223ef1e5e00 Thread added: 0x00000223ef4e99a0
Event: 13.187 Thread 0x00000223ef1e5e00 Thread added: 0x00000223ef4ecc40
Event: 13.192 Thread 0x00000223ef1e5e00 Thread added: 0x00000223ef4ec730
Event: 13.197 Thread 0x00000223ef1e5e00 Thread added: 0x00000223ef4ea8d0
Event: 13.198 Thread 0x00000223ef1e5e00 Thread added: 0x00000223ef4ebd10
Event: 13.200 Thread 0x00000223ef1e5e00 Thread added: 0x00000223ef4ec220
Event: 13.203 Thread 0x00000223ef1e5e00 Thread added: 0x00000223ef4e9490
Event: 13.208 Thread 0x00000223ef1e5e00 Thread added: 0x00000223ef4e9eb0
Event: 13.212 Thread 0x00000223ef1e5e00 Thread added: 0x00000223ef4eade0
Event: 13.215 Thread 0x00000223ef1e5e00 Thread added: 0x00000223ef4eb2f0
Event: 13.218 Thread 0x00000223ef1e5e00 Thread added: 0x00000223ef4ea3c0
Event: 13.221 Thread 0x00000223ef1e5e00 Thread added: 0x00000223ef4eb800
Event: 13.225 Thread 0x00000223ef1e5e00 Thread added: 0x00000223ef4e1d10
Event: 13.228 Thread 0x00000223ef1e5e00 Thread added: 0x00000223ef4e2c40
Event: 13.231 Thread 0x00000223ef1e5e00 Thread added: 0x00000223ef4e1800
Event: 13.232 Thread 0x00000223ef1e5e00 Thread added: 0x00000223ef4e2220
Event: 13.234 Thread 0x00000223ef1e5e00 Thread added: 0x00000223ef4e2730
Event: 15.846 Thread 0x00000223ef1e5e00 Thread added: 0x00000223ef4dfeb0


Dynamic libraries:
0x00007ff7a3a30000 - 0x00007ff7a3a3e000 	D:\dumix\Applications\Android\jdk-17\bin\java.exe
0x00007ffae6340000 - 0x00007ffae65a7000 	C:\WINDOWS\SYSTEM32\ntdll.dll
0x00007ffae5220000 - 0x00007ffae52eb000 	C:\WINDOWS\System32\KERNEL32.DLL
0x00007ffae3540000 - 0x00007ffae3941000 	C:\WINDOWS\System32\KERNELBASE.dll
0x00007ffae3d90000 - 0x00007ffae3edc000 	C:\WINDOWS\System32\ucrtbase.dll
0x00007ffab0530000 - 0x00007ffab0548000 	D:\dumix\Applications\Android\jdk-17\bin\jli.dll
0x00007ffae4800000 - 0x00007ffae49d7000 	C:\WINDOWS\System32\USER32.dll
0x00007ffab0550000 - 0x00007ffab056e000 	D:\dumix\Applications\Android\jdk-17\bin\VCRUNTIME140.dll
0x00007ffae4030000 - 0x00007ffae4057000 	C:\WINDOWS\System32\win32u.dll
0x00007ffab7340000 - 0x00007ffab75d0000 	C:\WINDOWS\WinSxS\amd64_microsoft.windows.common-controls_6595b64144ccf1df_6.0.26100.9549_none_3e0a0396e3330090\COMCTL32.dll
0x00007ffae40b0000 - 0x00007ffae40db000 	C:\WINDOWS\System32\GDI32.dll
0x00007ffae5ba0000 - 0x00007ffae5c49000 	C:\WINDOWS\System32\msvcrt.dll
0x00007ffae3c60000 - 0x00007ffae3d88000 	C:\WINDOWS\System32\gdi32full.dll
0x00007ffae3ef0000 - 0x00007ffae3f93000 	C:\WINDOWS\System32\msvcp_win.dll
0x00007ffae4060000 - 0x00007ffae4091000 	C:\WINDOWS\System32\IMM32.DLL
0x00007ffab48b0000 - 0x00007ffab48bc000 	D:\dumix\Applications\Android\jdk-17\bin\vcruntime140_1.dll
0x00007ffa9bfd0000 - 0x00007ffa9c05d000 	D:\dumix\Applications\Android\jdk-17\bin\msvcp140.dll
0x00007ffa2a1b0000 - 0x00007ffa2ae1c000 	D:\dumix\Applications\Android\jdk-17\bin\server\jvm.dll
0x00007ffae4740000 - 0x00007ffae47fb000 	C:\WINDOWS\System32\ADVAPI32.dll
0x00007ffae45a0000 - 0x00007ffae4648000 	C:\WINDOWS\System32\sechost.dll
0x00007ffae55f0000 - 0x00007ffae5708000 	C:\WINDOWS\System32\RPCRT4.dll
0x00007ffae46b0000 - 0x00007ffae4731000 	C:\WINDOWS\System32\WS2_32.dll
0x00007ffae3390000 - 0x00007ffae33ee000 	C:\WINDOWS\SYSTEM32\POWRPROF.dll
0x00007ffad3200000 - 0x00007ffad320b000 	C:\WINDOWS\SYSTEM32\VERSION.dll
0x00007ffabafa0000 - 0x00007ffabafd7000 	C:\WINDOWS\SYSTEM32\WINMM.dll
0x00007ffae3370000 - 0x00007ffae3385000 	C:\WINDOWS\SYSTEM32\UMPDC.dll
0x00007ffae21e0000 - 0x00007ffae21fb000 	C:\WINDOWS\SYSTEM32\kernel.appcore.dll
0x00007ffab3f30000 - 0x00007ffab3f3a000 	D:\dumix\Applications\Android\jdk-17\bin\jimage.dll
0x00007ffae0700000 - 0x00007ffae094c000 	C:\WINDOWS\SYSTEM32\DBGHELP.DLL
0x00007ffae5c50000 - 0x00007ffae5fda000 	C:\WINDOWS\System32\combase.dll
0x00007ffae5510000 - 0x00007ffae55e9000 	C:\WINDOWS\System32\OLEAUT32.dll
0x00007ffaae660000 - 0x00007ffaae69b000 	C:\WINDOWS\SYSTEM32\dbgcore.DLL
0x00007ffae3a10000 - 0x00007ffae3abc000 	C:\WINDOWS\System32\bcryptPrimitives.dll
0x00007ffad94f0000 - 0x00007ffad94fe000 	D:\dumix\Applications\Android\jdk-17\bin\instrument.dll
0x00007ffab01c0000 - 0x00007ffab01e5000 	D:\dumix\Applications\Android\jdk-17\bin\java.dll
0x00007ffa95db0000 - 0x00007ffa95e87000 	D:\dumix\Applications\Android\jdk-17\bin\jsvml.dll
0x00007ffae49e0000 - 0x00007ffae517c000 	C:\WINDOWS\System32\SHELL32.dll
0x00007ffae0f80000 - 0x00007ffae182d000 	C:\WINDOWS\SYSTEM32\windows.storage.dll
0x00007ffae44a0000 - 0x00007ffae4599000 	C:\WINDOWS\System32\SHCORE.dll
0x00007ffae5ff0000 - 0x00007ffae6056000 	C:\WINDOWS\System32\shlwapi.dll
0x00007ffae3450000 - 0x00007ffae3479000 	C:\WINDOWS\SYSTEM32\profapi.dll
0x00007ffaad500000 - 0x00007ffaad518000 	D:\dumix\Applications\Android\jdk-17\bin\zip.dll
0x00007ffab0510000 - 0x00007ffab052a000 	D:\dumix\Applications\Android\jdk-17\bin\net.dll
0x00007ffad9510000 - 0x00007ffad963a000 	C:\WINDOWS\SYSTEM32\WINHTTP.dll
0x00007ffae27a0000 - 0x00007ffae280c000 	C:\WINDOWS\system32\mswsock.dll
0x00007ffab01a0000 - 0x00007ffab01b6000 	D:\dumix\Applications\Android\jdk-17\bin\nio.dll
0x00007ffab3e60000 - 0x00007ffab3e70000 	D:\dumix\Applications\Android\jdk-17\bin\verify.dll
0x00007ffaae420000 - 0x00007ffaae447000 	C:\Users\dumix\.gradle\native\c067742578af261105cb4f569cf0c3c89f3d7b1fecec35dd04571415982c5e48\windows-amd64\native-platform.dll
0x00007ffa63310000 - 0x00007ffa63454000 	C:\Users\dumix\.gradle\native\38dada09dfb8b06ba9b0570ebf7e218e3eb74d4ef43ca46872605cf95ebc2f47\windows-amd64\native-platform-file-events.dll
0x00007ffab0d00000 - 0x00007ffab0d0a000 	D:\dumix\Applications\Android\jdk-17\bin\management.dll
0x00007ffab0450000 - 0x00007ffab045c000 	D:\dumix\Applications\Android\jdk-17\bin\management_ext.dll
0x00007ffae5fe0000 - 0x00007ffae5fe8000 	C:\WINDOWS\System32\PSAPI.DLL
0x00007ffae2a90000 - 0x00007ffae2aab000 	C:\WINDOWS\SYSTEM32\CRYPTSP.dll
0x00007ffae2140000 - 0x00007ffae2179000 	C:\WINDOWS\system32\rsaenh.dll
0x00007ffae2850000 - 0x00007ffae2884000 	C:\WINDOWS\SYSTEM32\USERENV.dll
0x00007ffae3420000 - 0x00007ffae344a000 	C:\WINDOWS\SYSTEM32\bcrypt.dll
0x00007ffae2ab0000 - 0x00007ffae2abc000 	C:\WINDOWS\SYSTEM32\CRYPTBASE.dll
0x00007ffae1c40000 - 0x00007ffae1c73000 	C:\WINDOWS\SYSTEM32\IPHLPAPI.DLL
0x00007ffae6080000 - 0x00007ffae608a000 	C:\WINDOWS\System32\NSI.dll
0x00007ffad97f0000 - 0x00007ffad980e000 	C:\WINDOWS\SYSTEM32\dhcpcsvc6.DLL
0x00007ffad9700000 - 0x00007ffad9725000 	C:\WINDOWS\SYSTEM32\dhcpcsvc.DLL
0x00007ffae1d20000 - 0x00007ffae1e78000 	C:\WINDOWS\SYSTEM32\DNSAPI.dll
0x00007ffae25a0000 - 0x00007ffae25ad000 	C:\WINDOWS\SYSTEM32\DSPARSE.dll
0x00007ffab0430000 - 0x00007ffab0439000 	D:\dumix\Applications\Android\jdk-17\bin\extnet.dll
0x00007ffabc830000 - 0x00007ffabc83e000 	D:\dumix\Applications\Android\jdk-17\bin\sunmscapi.dll
0x00007ffae3ad0000 - 0x00007ffae3c4f000 	C:\WINDOWS\System32\CRYPT32.dll
0x00007ffae2cf0000 - 0x00007ffae2d20000 	C:\WINDOWS\SYSTEM32\ncrypt.dll
0x00007ffae2ca0000 - 0x00007ffae2cdf000 	C:\WINDOWS\SYSTEM32\NTASN1.dll
0x00007ffa9fdf0000 - 0x00007ffa9fdf8000 	C:\WINDOWS\system32\wshunix.dll

dbghelp: loaded successfully - version: 4.0.5 - missing functions: none
symbol engine: initialized successfully - sym options: 0x614 - pdb path: .;D:\dumix\Applications\Android\jdk-17\bin;C:\WINDOWS\SYSTEM32;C:\WINDOWS\WinSxS\amd64_microsoft.windows.common-controls_6595b64144ccf1df_6.0.26100.9549_none_3e0a0396e3330090;D:\dumix\Applications\Android\jdk-17\bin\server;C:\Users\dumix\.gradle\native\c067742578af261105cb4f569cf0c3c89f3d7b1fecec35dd04571415982c5e48\windows-amd64;C:\Users\dumix\.gradle\native\38dada09dfb8b06ba9b0570ebf7e218e3eb74d4ef43ca46872605cf95ebc2f47\windows-amd64

VM Arguments:
jvm_args: --add-opens=java.base/java.util=ALL-UNNAMED --add-opens=java.base/java.lang=ALL-UNNAMED --add-opens=java.base/java.lang.invoke=ALL-UNNAMED --add-opens=java.prefs/java.util.prefs=ALL-UNNAMED --add-opens=java.base/java.nio.charset=ALL-UNNAMED --add-opens=java.base/java.net=ALL-UNNAMED --add-opens=java.base/java.util.concurrent.atomic=ALL-UNNAMED -Xmx2048m -Dfile.encoding=UTF-8 -Duser.country=CN -Duser.language=zh -Duser.variant -javaagent:C:\Users\dumix\.gradle\wrapper\dists\gradle-8.7-bin\bhs2wmbdwecv87pi65oeuq5iu\gradle-8.7\lib\agents\gradle-instrumentation-agent-8.7.jar 
java_command: org.gradle.launcher.daemon.bootstrap.GradleDaemon 8.7
java_class_path (initial): C:\Users\dumix\.gradle\wrapper\dists\gradle-8.7-bin\bhs2wmbdwecv87pi65oeuq5iu\gradle-8.7\lib\gradle-launcher-8.7.jar
Launcher Type: SUN_STANDARD

[Global flags]
     intx CICompilerCount                          = 12                                        {product} {ergonomic}
     uint ConcGCThreads                            = 4                                         {product} {ergonomic}
     uint G1ConcRefinementThreads                  = 14                                        {product} {ergonomic}
   size_t G1HeapRegionSize                         = 1048576                                   {product} {ergonomic}
    uintx GCDrainStackTargetSize                   = 64                                        {product} {ergonomic}
   size_t InitialHeapSize                          = 260046848                                 {product} {ergonomic}
   size_t MarkStackSize                            = 4194304                                   {product} {ergonomic}
   size_t MaxHeapSize                              = 2147483648                                {product} {command line}
   size_t MaxNewSize                               = 1287651328                                {product} {ergonomic}
   size_t MinHeapDeltaBytes                        = 1048576                                   {product} {ergonomic}
   size_t MinHeapSize                              = 8388608                                   {product} {ergonomic}
    uintx NonNMethodCodeHeapSize                   = 7602480                                {pd product} {ergonomic}
    uintx NonProfiledCodeHeapSize                  = 122027880                              {pd product} {ergonomic}
    uintx ProfiledCodeHeapSize                     = 122027880                              {pd product} {ergonomic}
    uintx ReservedCodeCacheSize                    = 251658240                              {pd product} {ergonomic}
     bool SegmentedCodeCache                       = true                                      {product} {ergonomic}
   size_t SoftMaxHeapSize                          = 2147483648                             {manageable} {ergonomic}
     bool UseCompressedClassPointers               = true                           {product lp64_product} {ergonomic}
     bool UseCompressedOops                        = true                           {product lp64_product} {ergonomic}
     bool UseG1GC                                  = true                                      {product} {ergonomic}
     bool UseLargePagesIndividualAllocation        = false                                  {pd product} {ergonomic}

Logging:
Log output configuration:
 #0: stdout all=warning uptime,level,tags
 #1: stderr all=off uptime,level,tags

Environment Variables:
JAVA_HOME=D:/dumix/Applications/Android/jdk-17
PATH=C:\Users\dumix\bin;D:\dumix\Applications\Git\mingw64\bin;D:\dumix\Applications\Git\usr\local\bin;D:\dumix\Applications\Git\usr\bin;D:\dumix\Applications\Git\usr\bin;D:\dumix\Applications\Git\mingw64\bin;D:\dumix\Applications\Git\usr\bin;C:\Users\dumix\bin;D:\dumix\Applications\Git\mingw64\bin;D:\dumix\Applications\Git\usr\bin;C:\Users\dumix\AppData\Local\hermes\hermes-agent\venv\Scripts;D:\dumix\Applications\conda\condabin;C:\Program Files (x86)\Common Files\Oracle\Java\java8path;C:\Program Files (x86)\Common Files\Oracle\Java\javapath;C:\Windows\System32;C:\Program Files\Tailscale;C:\Program Files (x86)\Windows Kits\8.1\Windows Performance Toolkit;D:\nodejs;C:\ProgramData\chocolatey\bin;C:\Program Files\dotnet;C:\Strawberry\c\bin;C:\Strawberry\perl\site\bin;C:\Strawberry\perl\bin;C:\Program Files\Cloudflare\Cloudflare WARP;C:\Program Files\GitHub CLI;C:\Users\dumix\AppData\Local\hermes\bin;C:\Users\dumix\AppData\Local\hermes\node;C:\Users\dumix\AppData\Local\Programs\Python\Python39\Scripts;C:\Users\dumix\AppData\Local\Programs\Python\Python39;D:\dumix\Applications\Microsoft VS Code\bin;D:\dumix\Applications\Git\usr\bin;D:\dumix\Applications\conda\Scripts;D:\dumix\Applications\tesseract;C:\Users\dumix\AppData\Local\Programs\MiKTeX\miktex\bin\x64;C:\Users\dumix\AppData\Roaming\npm;C:\Users\dumix\.local\bin;C:\myperl\relocation.pl.bat;C:\Users\dumix\AppData\Local\Programs\Cua\cua-driver\bin;C:\Windows\System32\WindowsPowerShell\v1.0;D:\dumix\Applications\Git\usr\bin\vendor_perl;D:\dumix\Applications\Git\usr\bin\core_perl
USERNAME=dumix
SHELL=D:\dumix\Applications\Git\usr\bin\bash.exe
DISPLAY=needs-to-be-defined
LANG=zh_CN.UTF-8
TERM=xterm-256color
TMPDIR=C:\Users\dumix\AppData\Local\Temp
OS=Windows_NT
PROCESSOR_IDENTIFIER=Intel64 Family 6 Model 170 Stepping 4, GenuineIntel
TMP=C:\Users\dumix\AppData\Local\Temp
TEMP=C:\Users\dumix\AppData\Local\Temp



Periodic native trim disabled


---------------  S Y S T E M  ---------------

OS:
 Windows 11 , 64 bit Build 26100 (10.0.26100.9549)
OS uptime: 6 days 6:50 hours
Hyper-V role detected

CPU: total 18 (initial active 18) (9 cores per cpu, 2 threads per core) family 6 model 170 stepping 4 microcode 0x28, cx8, cmov, fxsr, ht, mmx, 3dnowpref, sse, sse2, sse3, ssse3, sse4.1, sse4.2, popcnt, lzcnt, tsc, tscinvbit, avx, avx2, aes, erms, clmul, bmi1, bmi2, adx, sha, fma, vzeroupper, clflush, clflushopt, clwb, hv
Processor Information for processor 0
  Max Mhz: 1200, Current Mhz: 1200, Mhz Limit: 1200
Processor Information for processor 1
  Max Mhz: 1200, Current Mhz: 1200, Mhz Limit: 1200
Processor Information for processor 2
  Max Mhz: 700, Current Mhz: 700, Mhz Limit: 700
Processor Information for processor 3
  Max Mhz: 700, Current Mhz: 700, Mhz Limit: 700
Processor Information for processor 4
  Max Mhz: 700, Current Mhz: 700, Mhz Limit: 700
Processor Information for processor 5
  Max Mhz: 700, Current Mhz: 700, Mhz Limit: 700
Processor Information for processor 6
  Max Mhz: 700, Current Mhz: 700, Mhz Limit: 700
Processor Information for processor 7
  Max Mhz: 700, Current Mhz: 700, Mhz Limit: 700
Processor Information for processor 8
  Max Mhz: 700, Current Mhz: 700, Mhz Limit: 700
Processor Information for processor 9
  Max Mhz: 700, Current Mhz: 700, Mhz Limit: 700
Processor Information for processor 10
  Max Mhz: 1200, Current Mhz: 1200, Mhz Limit: 1200
Processor Information for processor 11
  Max Mhz: 1200, Current Mhz: 1200, Mhz Limit: 1200
Processor Information for processor 12
  Max Mhz: 1200, Current Mhz: 1200, Mhz Limit: 1200
Processor Information for processor 13
  Max Mhz: 1200, Current Mhz: 1200, Mhz Limit: 1200
Processor Information for processor 14
  Max Mhz: 1200, Current Mhz: 1200, Mhz Limit: 1200
Processor Information for processor 15
  Max Mhz: 1200, Current Mhz: 1200, Mhz Limit: 1200
Processor Information for processor 16
  Max Mhz: 700, Current Mhz: 700, Mhz Limit: 700
Processor Information for processor 17
  Max Mhz: 700, Current Mhz: 700, Mhz Limit: 700

Memory: 4k page, system-wide physical 15836M (295M free)
TotalPageFile size 36325M (AvailPageFile size 27M)
current process WorkingSet (physical memory assigned to process): 283M, peak: 284M
current process commit charge ("private bytes"): 338M, peak: 433M

vm_info: OpenJDK 64-Bit Server VM (17.0.20.1+1) for windows-amd64 JRE (17.0.20.1+1), built on Aug 18 2026 20:44:09 by "admin" with MS VC++ 17.12 (VS2022)

END.
